// Jest Snapshot v1, https://goo.gl/fbAQLP

exports[`Components Header should render 1`] = `
<div
  class="App-App-0-1-1"
>
  <header
    class="Header-header-0-1-3"
  >
    <h1
      class="Header-title-0-1-4"
    >
      A nOS dApp starter-kit!
    </h1>
    <div
      class="SpinningLogo-logoContainer-0-1-5"
    >
      <img
        alt="nOS logo"
        class="SpinningLogo-nosLogo-0-1-6"
        src="test-file-stub"
      />
    </div>
  </header>
  <p
    class="App-intro-0-1-2"
  >
    To get started, edit 
    <code>
      src/views/App/index.js
    </code>
     and save to reload.
  </p>
</div>
`;
